2022-02-14 13:45:48,763 INFO  ==============================================================
2022-02-14 13:45:48,764 INFO  Id:    tedge_connect_test_positive
2022-02-14 13:45:48,764 INFO  Dir:   tedge_connect/
2022-02-14 13:45:48,765 INFO  Title: Validate tedge connect c8y --test (positive case)
2022-02-14 13:45:48,765 DEBUG Execution order hint: 0.0
2022-02-14 13:45:48,765 INFO  ==============================================================
2022-02-14 13:45:48,768 DEBUG EnvironmentC8y Setup
2022-02-14 13:45:48,769 INFO  EnvironmentC8y Setup
2022-02-14 13:45:48,770 DEBUG Process parameters for systemctl<serv_mapper1>
  command line : /usr/bin/systemctl status tedge-mapper-c8y
    arg #1     : status
    arg #2     : tedge-mapper-c8y
  working dir  : /home/pi/actions-runner/_work/thin-edge.io/thin-edge.io/tests/PySys/tedge_connect/tedge_connect_test_positive/Output/linux
  stdout       : /home/pi/actions-runner/_work/thin-edge.io/thin-edge.io/tests/PySys/tedge_connect/tedge_connect_test_positive/Output/linux/serv_mapper1.out
  stderr       : /home/pi/actions-runner/_work/thin-edge.io/thin-edge.io/tests/PySys/tedge_connect/tedge_connect_test_positive/Output/linux/serv_mapper1.err
  environment  : LD_LIBRARY_PATH=/usr/lib
  environment  : PATH=/bin:/usr/bin:/usr/sbin:/usr/local/bin
                   #1  /bin
                   #2  /usr/bin
                   #3  /usr/sbin
                   #4  /usr/local/bin
2022-02-14 13:45:48,774 DEBUG Waiting up to 600 secs for process systemctl<serv_mapper1> (pid 30921)
2022-02-14 13:45:49,079 INFO  Executed systemctl<serv_mapper1>, exit status 3
2022-02-14 13:45:49,162 INFO  Restarting mosquitto too frequently in the last 10 seconds. It was only up for 4 seconds
2022-02-14 13:45:49,163 INFO  Delaying execution by 7 seconds
2022-02-14 13:45:56,170 DEBUG Process parameters for sudo<tedge_connect_c8y>
  command line : /usr/bin/sudo /usr/bin/tedge connect c8y
    arg #1     : /usr/bin/tedge
    arg #2     : connect
    arg #3     : c8y
  working dir  : /home/pi/actions-runner/_work/thin-edge.io/thin-edge.io/tests/PySys/tedge_connect/tedge_connect_test_positive/Output/linux
  stdout       : /home/pi/actions-runner/_work/thin-edge.io/thin-edge.io/tests/PySys/tedge_connect/tedge_connect_test_positive/Output/linux/tedge_connect_c8y.out
  stderr       : /home/pi/actions-runner/_work/thin-edge.io/thin-edge.io/tests/PySys/tedge_connect/tedge_connect_test_positive/Output/linux/tedge_connect_c8y.err
  environment  : LD_LIBRARY_PATH=/usr/lib
  environment  : PATH=/bin:/usr/bin:/usr/sbin:/usr/local/bin
                   #1  /bin
                   #2  /usr/bin
                   #3  /usr/sbin
                   #4  /usr/local/bin
2022-02-14 13:45:56,179 DEBUG Waiting up to 600 secs for process sudo<tedge_connect_c8y> (pid 30925)
2022-02-14 13:46:07,085 INFO  Executed sudo<tedge_connect_c8y>, exit status 0
2022-02-14 13:46:07,091 DEBUG Process parameters for sudo<tedge_connect_c8y_test>
  command line : /usr/bin/sudo /usr/bin/tedge connect c8y --test
    arg #1     : /usr/bin/tedge
    arg #2     : connect
    arg #3     : c8y
    arg #4     : --test
  working dir  : /home/pi/actions-runner/_work/thin-edge.io/thin-edge.io/tests/PySys/tedge_connect/tedge_connect_test_positive/Output/linux
  stdout       : /home/pi/actions-runner/_work/thin-edge.io/thin-edge.io/tests/PySys/tedge_connect/tedge_connect_test_positive/Output/linux/tedge_connect_c8y_test.out
  stderr       : /home/pi/actions-runner/_work/thin-edge.io/thin-edge.io/tests/PySys/tedge_connect/tedge_connect_test_positive/Output/linux/tedge_connect_c8y_test.err
  environment  : LD_LIBRARY_PATH=/usr/lib
  environment  : PATH=/bin:/usr/bin:/usr/sbin:/usr/local/bin
                   #1  /bin
                   #2  /usr/bin
                   #3  /usr/sbin
                   #4  /usr/local/bin
2022-02-14 13:46:07,099 DEBUG Waiting up to 600 secs for process sudo<tedge_connect_c8y_test> (pid 31066)
2022-02-14 13:46:07,457 INFO  Executed sudo<tedge_connect_c8y_test>, exit status 0
2022-02-14 13:46:07,458 DEBUG Process parameters for systemctl<serv_mosq2>
  command line : /usr/bin/systemctl status mosquitto
    arg #1     : status
    arg #2     : mosquitto
  working dir  : /home/pi/actions-runner/_work/thin-edge.io/thin-edge.io/tests/PySys/tedge_connect/tedge_connect_test_positive/Output/linux
  stdout       : /home/pi/actions-runner/_work/thin-edge.io/thin-edge.io/tests/PySys/tedge_connect/tedge_connect_test_positive/Output/linux/serv_mosq2.out
  stderr       : /home/pi/actions-runner/_work/thin-edge.io/thin-edge.io/tests/PySys/tedge_connect/tedge_connect_test_positive/Output/linux/serv_mosq2.err
  environment  : LD_LIBRARY_PATH=/usr/lib
  environment  : PATH=/bin:/usr/bin:/usr/sbin:/usr/local/bin
                   #1  /bin
                   #2  /usr/bin
                   #3  /usr/sbin
                   #4  /usr/local/bin
2022-02-14 13:46:07,463 DEBUG Waiting up to 600 secs for process systemctl<serv_mosq2> (pid 31074)
2022-02-14 13:46:07,717 INFO  Executed systemctl<serv_mosq2>, exit status 0
2022-02-14 13:46:07,719 DEBUG Process parameters for systemctl<serv_mapper3>
  command line : /usr/bin/systemctl status tedge-mapper-c8y
    arg #1     : status
    arg #2     : tedge-mapper-c8y
  working dir  : /home/pi/actions-runner/_work/thin-edge.io/thin-edge.io/tests/PySys/tedge_connect/tedge_connect_test_positive/Output/linux
  stdout       : /home/pi/actions-runner/_work/thin-edge.io/thin-edge.io/tests/PySys/tedge_connect/tedge_connect_test_positive/Output/linux/serv_mapper3.out
  stderr       : /home/pi/actions-runner/_work/thin-edge.io/thin-edge.io/tests/PySys/tedge_connect/tedge_connect_test_positive/Output/linux/serv_mapper3.err
  environment  : LD_LIBRARY_PATH=/usr/lib
  environment  : PATH=/bin:/usr/bin:/usr/sbin:/usr/local/bin
                   #1  /bin
                   #2  /usr/bin
                   #3  /usr/sbin
                   #4  /usr/local/bin
2022-02-14 13:46:07,723 DEBUG Waiting up to 600 secs for process systemctl<serv_mapper3> (pid 31075)
2022-02-14 13:46:07,978 INFO  Executed systemctl<serv_mapper3>, exit status 0
2022-02-14 13:46:07,978 DEBUG --- test execute
2022-02-14 13:46:07,979 DEBUG EnvironmentC8y Execute
2022-02-14 13:46:07,979 INFO  Execute `tedge connect c8y --test`
2022-02-14 13:46:07,980 DEBUG Process parameters for sudo<tedge_connect_c8y_test>
  command line : /usr/bin/sudo /usr/bin/tedge connect c8y --test
    arg #1     : /usr/bin/tedge
    arg #2     : connect
    arg #3     : c8y
    arg #4     : --test
  working dir  : /home/pi/actions-runner/_work/thin-edge.io/thin-edge.io/tests/PySys/tedge_connect/tedge_connect_test_positive/Output/linux
  stdout       : /home/pi/actions-runner/_work/thin-edge.io/thin-edge.io/tests/PySys/tedge_connect/tedge_connect_test_positive/Output/linux/tedge_connect_c8y_test.out
  stderr       : /home/pi/actions-runner/_work/thin-edge.io/thin-edge.io/tests/PySys/tedge_connect/tedge_connect_test_positive/Output/linux/tedge_connect_c8y_test.err
  environment  : LD_LIBRARY_PATH=/usr/lib
  environment  : PATH=/bin:/usr/bin:/usr/sbin:/usr/local/bin
                   #1  /bin
                   #2  /usr/bin
                   #3  /usr/sbin
                   #4  /usr/local/bin
2022-02-14 13:46:07,985 DEBUG Waiting up to 600 secs for process sudo<tedge_connect_c8y_test> (pid 31076)
2022-02-14 13:46:08,290 INFO  Executed sudo<tedge_connect_c8y_test>, exit status 0
2022-02-14 13:46:08,621 DEBUG --- test validate
2022-02-14 13:46:08,621 DEBUG EnvironmentC8y Validate
2022-02-14 13:46:08,622 DEBUG Process parameters for systemctl<serv_mosq>
  command line : /usr/bin/systemctl status mosquitto
    arg #1     : status
    arg #2     : mosquitto
  working dir  : /home/pi/actions-runner/_work/thin-edge.io/thin-edge.io/tests/PySys/tedge_connect/tedge_connect_test_positive/Output/linux
  stdout       : /home/pi/actions-runner/_work/thin-edge.io/thin-edge.io/tests/PySys/tedge_connect/tedge_connect_test_positive/Output/linux/serv_mosq.out
  stderr       : /home/pi/actions-runner/_work/thin-edge.io/thin-edge.io/tests/PySys/tedge_connect/tedge_connect_test_positive/Output/linux/serv_mosq.err
  environment  : LD_LIBRARY_PATH=/usr/lib
  environment  : PATH=/bin:/usr/bin:/usr/sbin:/usr/local/bin
                   #1  /bin
                   #2  /usr/bin
                   #3  /usr/sbin
                   #4  /usr/local/bin
2022-02-14 13:46:08,627 DEBUG Waiting up to 600 secs for process systemctl<serv_mosq> (pid 31081)
2022-02-14 13:46:08,882 INFO  Executed systemctl<serv_mosq>, exit status 0
2022-02-14 13:46:08,884 DEBUG Process parameters for systemctl<serv_mapper4>
  command line : /usr/bin/systemctl status tedge-mapper-c8y
    arg #1     : status
    arg #2     : tedge-mapper-c8y
  working dir  : /home/pi/actions-runner/_work/thin-edge.io/thin-edge.io/tests/PySys/tedge_connect/tedge_connect_test_positive/Output/linux
  stdout       : /home/pi/actions-runner/_work/thin-edge.io/thin-edge.io/tests/PySys/tedge_connect/tedge_connect_test_positive/Output/linux/serv_mapper4.out
  stderr       : /home/pi/actions-runner/_work/thin-edge.io/thin-edge.io/tests/PySys/tedge_connect/tedge_connect_test_positive/Output/linux/serv_mapper4.err
  environment  : LD_LIBRARY_PATH=/usr/lib
  environment  : PATH=/bin:/usr/bin:/usr/sbin:/usr/local/bin
                   #1  /bin
                   #2  /usr/bin
                   #3  /usr/sbin
                   #4  /usr/local/bin
2022-02-14 13:46:08,892 DEBUG Waiting up to 600 secs for process systemctl<serv_mapper4> (pid 31082)
2022-02-14 13:46:09,147 INFO  Executed systemctl<serv_mapper4>, exit status 0
2022-02-14 13:46:09,148 INFO  Validate
2022-02-14 13:46:09,149 DEBUG Performing regex contains=True grep on file: /home/pi/actions-runner/_work/thin-edge.io/thin-edge.io/tests/PySys/tedge_connect/tedge_connect_test_positive/Output/linux/tedge_connect_c8y_test.out
2022-02-14 13:46:09,152 DEBUG Grep on input file tedge_connect_c8y_test.out successfully matched expression "Connection check to c8y cloud is successful." with line: 'Connection check to c8y cloud is successfull.\n'
2022-02-14 13:46:09,153 INFO  Grep on input file tedge_connect_c8y_test.out ... passed
2022-02-14 13:46:09,154 ERROR Cannot find id in device_fragment
2022-02-14 13:46:09,155 WARN  caught <class 'SystemError'> while running test: Cannot find id in device_fragment
Traceback (most recent call last):
  File "/home/pi/actions-runner/_work/thin-edge.io/thin-edge.io/tests/PySys/tedge_connect/tedge_connect_test_positive/run.py", line 33, in validate
    id = self.device_fragment['id']
TypeError: 'NoneType' object is not subscriptable

During handling of the above exception, another exception occurred:

Traceback (most recent call last):
  File "/home/pi/env-pysys/lib/python3.7/site-packages/pysys/baserunner.py", line 1211, in __call__
    self.testObj.validate()
  File "/home/pi/actions-runner/_work/thin-edge.io/thin-edge.io/tests/PySys/tedge_connect/tedge_connect_test_positive/run.py", line 36, in validate
    raise SystemError("Cannot find id in device_fragment")
SystemError: Cannot find id in device_fragment
2022-02-14 13:46:09,172 WARN  SystemError: Cannot find id in device_fragment ... blocked 
2022-02-14 13:46:09,173 DEBUG --- test cleanup
2022-02-14 13:46:09,173 INFO  
2022-02-14 13:46:09,174 INFO  cleanup:
2022-02-14 13:46:09,174 DEBUG Running registered cleanup function: <bound method EnvironmentC8y.myenvcleanup of <TedgeConnectTestPositive object at 0x75bd9350>>
2022-02-14 13:46:09,175 DEBUG EnvironmentC8y Cleanup
2022-02-14 13:46:09,264 DEBUG Process parameters for sudo<tedge_disconnect_c8y>
  command line : /usr/bin/sudo /usr/bin/tedge disconnect c8y
    arg #1     : /usr/bin/tedge
    arg #2     : disconnect
    arg #3     : c8y
  working dir  : /home/pi/actions-runner/_work/thin-edge.io/thin-edge.io/tests/PySys/tedge_connect/tedge_connect_test_positive/Output/linux
  stdout       : /home/pi/actions-runner/_work/thin-edge.io/thin-edge.io/tests/PySys/tedge_connect/tedge_connect_test_positive/Output/linux/tedge_disconnect_c8y.out
  stderr       : /home/pi/actions-runner/_work/thin-edge.io/thin-edge.io/tests/PySys/tedge_connect/tedge_connect_test_positive/Output/linux/tedge_disconnect_c8y.err
  environment  : LD_LIBRARY_PATH=/usr/lib
  environment  : PATH=/bin:/usr/bin:/usr/sbin:/usr/local/bin
                   #1  /bin
                   #2  /usr/bin
                   #3  /usr/sbin
                   #4  /usr/local/bin
2022-02-14 13:46:09,270 DEBUG Waiting up to 600 secs for process sudo<tedge_disconnect_c8y> (pid 31086)
2022-02-14 13:46:12,286 INFO  Executed sudo<tedge_disconnect_c8y>, exit status 0
2022-02-14 13:46:12,288 DEBUG Process parameters for systemctl<serv_mapper5>
  command line : /usr/bin/systemctl status tedge-mapper-c8y
    arg #1     : status
    arg #2     : tedge-mapper-c8y
  working dir  : /home/pi/actions-runner/_work/thin-edge.io/thin-edge.io/tests/PySys/tedge_connect/tedge_connect_test_positive/Output/linux
  stdout       : /home/pi/actions-runner/_work/thin-edge.io/thin-edge.io/tests/PySys/tedge_connect/tedge_connect_test_positive/Output/linux/serv_mapper5.out
  stderr       : /home/pi/actions-runner/_work/thin-edge.io/thin-edge.io/tests/PySys/tedge_connect/tedge_connect_test_positive/Output/linux/serv_mapper5.err
  environment  : LD_LIBRARY_PATH=/usr/lib
  environment  : PATH=/bin:/usr/bin:/usr/sbin:/usr/local/bin
                   #1  /bin
                   #2  /usr/bin
                   #3  /usr/sbin
                   #4  /usr/local/bin
2022-02-14 13:46:12,293 DEBUG Waiting up to 600 secs for process systemctl<serv_mapper5> (pid 31138)
2022-02-14 13:46:12,598 INFO  Executed systemctl<serv_mapper5>, exit status 3
2022-02-14 13:46:12,599 DEBUG ProcessUser cleanup function done.
2022-02-14 13:46:12,602 INFO  
2022-02-14 13:46:12,603 INFO  Test duration: 23.84 secs
2022-02-14 13:46:12,604 INFO  Test final outcome:  BLOCKED
2022-02-14 13:46:12,605 INFO  Test outcome reason: SystemError: Cannot find id in device_fragment
2022-02-14 13:46:12,606 INFO  
