2022-02-09 07:10:13,499 INFO  ==============================================================
2022-02-09 07:10:13,500 INFO  Id:    tedge_connect_test_positive
2022-02-09 07:10:13,501 INFO  Dir:   tedge_connect/
2022-02-09 07:10:13,501 INFO  Title: Validate tedge connect c8y --test (positive case)
2022-02-09 07:10:13,502 DEBUG Execution order hint: 0.0
2022-02-09 07:10:13,502 INFO  ==============================================================
2022-02-09 07:10:13,505 DEBUG EnvironmentC8y Setup
2022-02-09 07:10:13,506 INFO  EnvironmentC8y Setup
2022-02-09 07:10:13,507 DEBUG Process parameters for systemctl<serv_mapper1>
  command line : /usr/bin/systemctl status tedge-mapper-c8y
    arg #1     : status
    arg #2     : tedge-mapper-c8y
  working dir  : /home/pi/actions-runner/_work/thin-edge.io/thin-edge.io/tests/PySys/tedge_connect/tedge_connect_test_positive/Output/linux
  stdout       : /home/pi/actions-runner/_work/thin-edge.io/thin-edge.io/tests/PySys/tedge_connect/tedge_connect_test_positive/Output/linux/serv_mapper1.out
  stderr       : /home/pi/actions-runner/_work/thin-edge.io/thin-edge.io/tests/PySys/tedge_connect/tedge_connect_test_positive/Output/linux/serv_mapper1.err
  environment  : LD_LIBRARY_PATH=/usr/lib
  environment  : PATH=/bin:/usr/bin:/usr/sbin:/usr/local/bin
                   #1  /bin
                   #2  /usr/bin
                   #3  /usr/sbin
                   #4  /usr/local/bin
2022-02-09 07:10:13,512 DEBUG Waiting up to 600 secs for process systemctl<serv_mapper1> (pid 24263)
2022-02-09 07:10:13,816 INFO  Executed systemctl<serv_mapper1>, exit status 3
2022-02-09 07:10:13,897 INFO  Restarting mosquitto too frequently in the last 10 seconds. It was only up for 3 seconds
2022-02-09 07:10:13,898 INFO  Delaying execution by 8 seconds
2022-02-09 07:10:21,908 DEBUG Process parameters for sudo<tedge_connect_c8y>
  command line : /usr/bin/sudo /usr/bin/tedge connect c8y
    arg #1     : /usr/bin/tedge
    arg #2     : connect
    arg #3     : c8y
  working dir  : /home/pi/actions-runner/_work/thin-edge.io/thin-edge.io/tests/PySys/tedge_connect/tedge_connect_test_positive/Output/linux
  stdout       : /home/pi/actions-runner/_work/thin-edge.io/thin-edge.io/tests/PySys/tedge_connect/tedge_connect_test_positive/Output/linux/tedge_connect_c8y.out
  stderr       : /home/pi/actions-runner/_work/thin-edge.io/thin-edge.io/tests/PySys/tedge_connect/tedge_connect_test_positive/Output/linux/tedge_connect_c8y.err
  environment  : LD_LIBRARY_PATH=/usr/lib
  environment  : PATH=/bin:/usr/bin:/usr/sbin:/usr/local/bin
                   #1  /bin
                   #2  /usr/bin
                   #3  /usr/sbin
                   #4  /usr/local/bin
2022-02-09 07:10:21,931 DEBUG Waiting up to 600 secs for process sudo<tedge_connect_c8y> (pid 24268)
2022-02-09 07:10:32,935 INFO  Executed sudo<tedge_connect_c8y>, exit status 0, duration 11 secs
2022-02-09 07:10:32,943 DEBUG Process parameters for sudo<tedge_connect_c8y_test>
  command line : /usr/bin/sudo /usr/bin/tedge connect c8y --test
    arg #1     : /usr/bin/tedge
    arg #2     : connect
    arg #3     : c8y
    arg #4     : --test
  working dir  : /home/pi/actions-runner/_work/thin-edge.io/thin-edge.io/tests/PySys/tedge_connect/tedge_connect_test_positive/Output/linux
  stdout       : /home/pi/actions-runner/_work/thin-edge.io/thin-edge.io/tests/PySys/tedge_connect/tedge_connect_test_positive/Output/linux/tedge_connect_c8y_test.out
  stderr       : /home/pi/actions-runner/_work/thin-edge.io/thin-edge.io/tests/PySys/tedge_connect/tedge_connect_test_positive/Output/linux/tedge_connect_c8y_test.err
  environment  : LD_LIBRARY_PATH=/usr/lib
  environment  : PATH=/bin:/usr/bin:/usr/sbin:/usr/local/bin
                   #1  /bin
                   #2  /usr/bin
                   #3  /usr/sbin
                   #4  /usr/local/bin
2022-02-09 07:10:32,951 DEBUG Waiting up to 600 secs for process sudo<tedge_connect_c8y_test> (pid 24406)
2022-02-09 07:10:33,307 INFO  Executed sudo<tedge_connect_c8y_test>, exit status 0
2022-02-09 07:10:33,309 DEBUG Process parameters for systemctl<serv_mosq2>
  command line : /usr/bin/systemctl status mosquitto
    arg #1     : status
    arg #2     : mosquitto
  working dir  : /home/pi/actions-runner/_work/thin-edge.io/thin-edge.io/tests/PySys/tedge_connect/tedge_connect_test_positive/Output/linux
  stdout       : /home/pi/actions-runner/_work/thin-edge.io/thin-edge.io/tests/PySys/tedge_connect/tedge_connect_test_positive/Output/linux/serv_mosq2.out
  stderr       : /home/pi/actions-runner/_work/thin-edge.io/thin-edge.io/tests/PySys/tedge_connect/tedge_connect_test_positive/Output/linux/serv_mosq2.err
  environment  : LD_LIBRARY_PATH=/usr/lib
  environment  : PATH=/bin:/usr/bin:/usr/sbin:/usr/local/bin
                   #1  /bin
                   #2  /usr/bin
                   #3  /usr/sbin
                   #4  /usr/local/bin
2022-02-09 07:10:33,313 DEBUG Waiting up to 600 secs for process systemctl<serv_mosq2> (pid 24411)
2022-02-09 07:10:33,568 INFO  Executed systemctl<serv_mosq2>, exit status 0
2022-02-09 07:10:33,569 DEBUG Process parameters for systemctl<serv_mapper3>
  command line : /usr/bin/systemctl status tedge-mapper-c8y
    arg #1     : status
    arg #2     : tedge-mapper-c8y
  working dir  : /home/pi/actions-runner/_work/thin-edge.io/thin-edge.io/tests/PySys/tedge_connect/tedge_connect_test_positive/Output/linux
  stdout       : /home/pi/actions-runner/_work/thin-edge.io/thin-edge.io/tests/PySys/tedge_connect/tedge_connect_test_positive/Output/linux/serv_mapper3.out
  stderr       : /home/pi/actions-runner/_work/thin-edge.io/thin-edge.io/tests/PySys/tedge_connect/tedge_connect_test_positive/Output/linux/serv_mapper3.err
  environment  : LD_LIBRARY_PATH=/usr/lib
  environment  : PATH=/bin:/usr/bin:/usr/sbin:/usr/local/bin
                   #1  /bin
                   #2  /usr/bin
                   #3  /usr/sbin
                   #4  /usr/local/bin
2022-02-09 07:10:33,574 DEBUG Waiting up to 600 secs for process systemctl<serv_mapper3> (pid 24412)
2022-02-09 07:10:33,829 INFO  Executed systemctl<serv_mapper3>, exit status 0
2022-02-09 07:10:33,829 DEBUG --- test execute
2022-02-09 07:10:33,830 DEBUG EnvironmentC8y Execute
2022-02-09 07:10:33,830 INFO  Execute `tedge connect c8y --test`
2022-02-09 07:10:33,831 DEBUG Process parameters for sudo<tedge_connect_c8y_test>
  command line : /usr/bin/sudo /usr/bin/tedge connect c8y --test
    arg #1     : /usr/bin/tedge
    arg #2     : connect
    arg #3     : c8y
    arg #4     : --test
  working dir  : /home/pi/actions-runner/_work/thin-edge.io/thin-edge.io/tests/PySys/tedge_connect/tedge_connect_test_positive/Output/linux
  stdout       : /home/pi/actions-runner/_work/thin-edge.io/thin-edge.io/tests/PySys/tedge_connect/tedge_connect_test_positive/Output/linux/tedge_connect_c8y_test.out
  stderr       : /home/pi/actions-runner/_work/thin-edge.io/thin-edge.io/tests/PySys/tedge_connect/tedge_connect_test_positive/Output/linux/tedge_connect_c8y_test.err
  environment  : LD_LIBRARY_PATH=/usr/lib
  environment  : PATH=/bin:/usr/bin:/usr/sbin:/usr/local/bin
                   #1  /bin
                   #2  /usr/bin
                   #3  /usr/sbin
                   #4  /usr/local/bin
2022-02-09 07:10:33,836 DEBUG Waiting up to 600 secs for process sudo<tedge_connect_c8y_test> (pid 24413)
2022-02-09 07:10:34,895 INFO  Executed sudo<tedge_connect_c8y_test>, exit status 0
2022-02-09 07:10:35,195 DEBUG --- test validate
2022-02-09 07:10:35,196 DEBUG EnvironmentC8y Validate
2022-02-09 07:10:35,197 DEBUG Process parameters for systemctl<serv_mosq>
  command line : /usr/bin/systemctl status mosquitto
    arg #1     : status
    arg #2     : mosquitto
  working dir  : /home/pi/actions-runner/_work/thin-edge.io/thin-edge.io/tests/PySys/tedge_connect/tedge_connect_test_positive/Output/linux
  stdout       : /home/pi/actions-runner/_work/thin-edge.io/thin-edge.io/tests/PySys/tedge_connect/tedge_connect_test_positive/Output/linux/serv_mosq.out
  stderr       : /home/pi/actions-runner/_work/thin-edge.io/thin-edge.io/tests/PySys/tedge_connect/tedge_connect_test_positive/Output/linux/serv_mosq.err
  environment  : LD_LIBRARY_PATH=/usr/lib
  environment  : PATH=/bin:/usr/bin:/usr/sbin:/usr/local/bin
                   #1  /bin
                   #2  /usr/bin
                   #3  /usr/sbin
                   #4  /usr/local/bin
2022-02-09 07:10:35,202 DEBUG Waiting up to 600 secs for process systemctl<serv_mosq> (pid 24425)
2022-02-09 07:10:35,457 INFO  Executed systemctl<serv_mosq>, exit status 0
2022-02-09 07:10:35,458 DEBUG Process parameters for systemctl<serv_mapper4>
  command line : /usr/bin/systemctl status tedge-mapper-c8y
    arg #1     : status
    arg #2     : tedge-mapper-c8y
  working dir  : /home/pi/actions-runner/_work/thin-edge.io/thin-edge.io/tests/PySys/tedge_connect/tedge_connect_test_positive/Output/linux
  stdout       : /home/pi/actions-runner/_work/thin-edge.io/thin-edge.io/tests/PySys/tedge_connect/tedge_connect_test_positive/Output/linux/serv_mapper4.out
  stderr       : /home/pi/actions-runner/_work/thin-edge.io/thin-edge.io/tests/PySys/tedge_connect/tedge_connect_test_positive/Output/linux/serv_mapper4.err
  environment  : LD_LIBRARY_PATH=/usr/lib
  environment  : PATH=/bin:/usr/bin:/usr/sbin:/usr/local/bin
                   #1  /bin
                   #2  /usr/bin
                   #3  /usr/sbin
                   #4  /usr/local/bin
2022-02-09 07:10:35,463 DEBUG Waiting up to 600 secs for process systemctl<serv_mapper4> (pid 24426)
2022-02-09 07:10:35,718 INFO  Executed systemctl<serv_mapper4>, exit status 0
2022-02-09 07:10:35,719 INFO  Validate
2022-02-09 07:10:35,720 DEBUG Performing regex contains=True grep on file: /home/pi/actions-runner/_work/thin-edge.io/thin-edge.io/tests/PySys/tedge_connect/tedge_connect_test_positive/Output/linux/tedge_connect_c8y_test.out
2022-02-09 07:10:35,724 DEBUG Grep on input file tedge_connect_c8y_test.out successfully matched expression "Connection check to c8y cloud is successful." with line: 'Connection check to c8y cloud is successfull.\n'
2022-02-09 07:10:35,726 INFO  Grep on input file tedge_connect_c8y_test.out ... passed
2022-02-09 07:10:35,727 ERROR Cannot find id in device_fragment
2022-02-09 07:10:35,727 WARN  caught <class 'SystemError'> while running test: Cannot find id in device_fragment
Traceback (most recent call last):
  File "/home/pi/actions-runner/_work/thin-edge.io/thin-edge.io/tests/PySys/tedge_connect/tedge_connect_test_positive/run.py", line 33, in validate
    id = self.device_fragment['id']
TypeError: 'NoneType' object is not subscriptable

During handling of the above exception, another exception occurred:

Traceback (most recent call last):
  File "/home/pi/env-pysys/lib/python3.7/site-packages/pysys/baserunner.py", line 1211, in __call__
    self.testObj.validate()
  File "/home/pi/actions-runner/_work/thin-edge.io/thin-edge.io/tests/PySys/tedge_connect/tedge_connect_test_positive/run.py", line 36, in validate
    raise SystemError("Cannot find id in device_fragment")
SystemError: Cannot find id in device_fragment
2022-02-09 07:10:35,746 WARN  SystemError: Cannot find id in device_fragment ... blocked 
2022-02-09 07:10:35,747 DEBUG --- test cleanup
2022-02-09 07:10:35,748 INFO  
2022-02-09 07:10:35,748 INFO  cleanup:
2022-02-09 07:10:35,749 DEBUG Running registered cleanup function: <bound method EnvironmentC8y.myenvcleanup of <TedgeConnectTestPositive object at 0x75b47e70>>
2022-02-09 07:10:35,750 DEBUG EnvironmentC8y Cleanup
2022-02-09 07:10:35,844 DEBUG Process parameters for sudo<tedge_disconnect_c8y>
  command line : /usr/bin/sudo /usr/bin/tedge disconnect c8y
    arg #1     : /usr/bin/tedge
    arg #2     : disconnect
    arg #3     : c8y
  working dir  : /home/pi/actions-runner/_work/thin-edge.io/thin-edge.io/tests/PySys/tedge_connect/tedge_connect_test_positive/Output/linux
  stdout       : /home/pi/actions-runner/_work/thin-edge.io/thin-edge.io/tests/PySys/tedge_connect/tedge_connect_test_positive/Output/linux/tedge_disconnect_c8y.out
  stderr       : /home/pi/actions-runner/_work/thin-edge.io/thin-edge.io/tests/PySys/tedge_connect/tedge_connect_test_positive/Output/linux/tedge_disconnect_c8y.err
  environment  : LD_LIBRARY_PATH=/usr/lib
  environment  : PATH=/bin:/usr/bin:/usr/sbin:/usr/local/bin
                   #1  /bin
                   #2  /usr/bin
                   #3  /usr/sbin
                   #4  /usr/local/bin
2022-02-09 07:10:35,850 DEBUG Waiting up to 600 secs for process sudo<tedge_disconnect_c8y> (pid 24432)
2022-02-09 07:10:38,997 INFO  Executed sudo<tedge_disconnect_c8y>, exit status 0
2022-02-09 07:10:39,000 DEBUG Process parameters for systemctl<serv_mapper5>
  command line : /usr/bin/systemctl status tedge-mapper-c8y
    arg #1     : status
    arg #2     : tedge-mapper-c8y
  working dir  : /home/pi/actions-runner/_work/thin-edge.io/thin-edge.io/tests/PySys/tedge_connect/tedge_connect_test_positive/Output/linux
  stdout       : /home/pi/actions-runner/_work/thin-edge.io/thin-edge.io/tests/PySys/tedge_connect/tedge_connect_test_positive/Output/linux/serv_mapper5.out
  stderr       : /home/pi/actions-runner/_work/thin-edge.io/thin-edge.io/tests/PySys/tedge_connect/tedge_connect_test_positive/Output/linux/serv_mapper5.err
  environment  : LD_LIBRARY_PATH=/usr/lib
  environment  : PATH=/bin:/usr/bin:/usr/sbin:/usr/local/bin
                   #1  /bin
                   #2  /usr/bin
                   #3  /usr/sbin
                   #4  /usr/local/bin
2022-02-09 07:10:39,008 DEBUG Waiting up to 600 secs for process systemctl<serv_mapper5> (pid 24484)
2022-02-09 07:10:39,315 INFO  Executed systemctl<serv_mapper5>, exit status 3
2022-02-09 07:10:39,316 DEBUG ProcessUser cleanup function done.
2022-02-09 07:10:39,319 INFO  
2022-02-09 07:10:39,320 INFO  Test duration: 25.82 secs
2022-02-09 07:10:39,321 INFO  Test final outcome:  BLOCKED
2022-02-09 07:10:39,322 INFO  Test outcome reason: SystemError: Cannot find id in device_fragment
2022-02-09 07:10:39,322 INFO  
