2022-02-04 16:43:17,660 INFO  ==============================================================
2022-02-04 16:43:17,661 INFO  Id:    tedge_connect_test_positive
2022-02-04 16:43:17,661 INFO  Dir:   tedge_connect/
2022-02-04 16:43:17,662 INFO  Title: Validate tedge connect c8y --test (positive case)
2022-02-04 16:43:17,662 DEBUG Execution order hint: 0.0
2022-02-04 16:43:17,662 INFO  ==============================================================
2022-02-04 16:43:17,665 DEBUG EnvironmentC8y Setup
2022-02-04 16:43:17,666 INFO  EnvironmentC8y Setup
2022-02-04 16:43:17,667 DEBUG Process parameters for systemctl<serv_mapper1>
  command line : /usr/bin/systemctl status tedge-mapper-c8y
    arg #1     : status
    arg #2     : tedge-mapper-c8y
  working dir  : /home/pi/actions-runner/_work/thin-edge.io/thin-edge.io/tests/PySys/tedge_connect/tedge_connect_test_positive/Output/linux
  stdout       : /home/pi/actions-runner/_work/thin-edge.io/thin-edge.io/tests/PySys/tedge_connect/tedge_connect_test_positive/Output/linux/serv_mapper1.out
  stderr       : /home/pi/actions-runner/_work/thin-edge.io/thin-edge.io/tests/PySys/tedge_connect/tedge_connect_test_positive/Output/linux/serv_mapper1.err
  environment  : LD_LIBRARY_PATH=/usr/lib
  environment  : PATH=/bin:/usr/bin:/usr/sbin:/usr/local/bin
                   #1  /bin
                   #2  /usr/bin
                   #3  /usr/sbin
                   #4  /usr/local/bin
2022-02-04 16:43:17,672 DEBUG Waiting up to 600 secs for process systemctl<serv_mapper1> (pid 909)
2022-02-04 16:43:17,976 INFO  Executed systemctl<serv_mapper1>, exit status 3
2022-02-04 16:43:17,978 DEBUG Process parameters for sudo<tedge_connect>
  command line : /usr/bin/sudo /usr/bin/tedge connect c8y
    arg #1     : /usr/bin/tedge
    arg #2     : connect
    arg #3     : c8y
  working dir  : /home/pi/actions-runner/_work/thin-edge.io/thin-edge.io/tests/PySys/tedge_connect/tedge_connect_test_positive/Output/linux
  stdout       : /home/pi/actions-runner/_work/thin-edge.io/thin-edge.io/tests/PySys/tedge_connect/tedge_connect_test_positive/Output/linux/tedge_connect.out
  stderr       : /home/pi/actions-runner/_work/thin-edge.io/thin-edge.io/tests/PySys/tedge_connect/tedge_connect_test_positive/Output/linux/tedge_connect.err
  environment  : LD_LIBRARY_PATH=/usr/lib
  environment  : PATH=/bin:/usr/bin:/usr/sbin:/usr/local/bin
                   #1  /bin
                   #2  /usr/bin
                   #3  /usr/sbin
                   #4  /usr/local/bin
2022-02-04 16:43:17,985 DEBUG Waiting up to 600 secs for process sudo<tedge_connect> (pid 910)
2022-02-04 16:43:28,796 INFO  Executed sudo<tedge_connect>, exit status 0
2022-02-04 16:43:28,798 DEBUG Process parameters for sudo<tedge_connect_test>
  command line : /usr/bin/sudo /usr/bin/tedge connect c8y --test
    arg #1     : /usr/bin/tedge
    arg #2     : connect
    arg #3     : c8y
    arg #4     : --test
  working dir  : /home/pi/actions-runner/_work/thin-edge.io/thin-edge.io/tests/PySys/tedge_connect/tedge_connect_test_positive/Output/linux
  stdout       : /home/pi/actions-runner/_work/thin-edge.io/thin-edge.io/tests/PySys/tedge_connect/tedge_connect_test_positive/Output/linux/tedge_connect_test.out
  stderr       : /home/pi/actions-runner/_work/thin-edge.io/thin-edge.io/tests/PySys/tedge_connect/tedge_connect_test_positive/Output/linux/tedge_connect_test.err
  environment  : LD_LIBRARY_PATH=/usr/lib
  environment  : PATH=/bin:/usr/bin:/usr/sbin:/usr/local/bin
                   #1  /bin
                   #2  /usr/bin
                   #3  /usr/sbin
                   #4  /usr/local/bin
2022-02-04 16:43:28,805 DEBUG Waiting up to 600 secs for process sudo<tedge_connect_test> (pid 1049)
2022-02-04 16:43:29,162 INFO  Executed sudo<tedge_connect_test>, exit status 0
2022-02-04 16:43:29,163 DEBUG Process parameters for systemctl<serv_mosq2>
  command line : /usr/bin/systemctl status mosquitto
    arg #1     : status
    arg #2     : mosquitto
  working dir  : /home/pi/actions-runner/_work/thin-edge.io/thin-edge.io/tests/PySys/tedge_connect/tedge_connect_test_positive/Output/linux
  stdout       : /home/pi/actions-runner/_work/thin-edge.io/thin-edge.io/tests/PySys/tedge_connect/tedge_connect_test_positive/Output/linux/serv_mosq2.out
  stderr       : /home/pi/actions-runner/_work/thin-edge.io/thin-edge.io/tests/PySys/tedge_connect/tedge_connect_test_positive/Output/linux/serv_mosq2.err
  environment  : LD_LIBRARY_PATH=/usr/lib
  environment  : PATH=/bin:/usr/bin:/usr/sbin:/usr/local/bin
                   #1  /bin
                   #2  /usr/bin
                   #3  /usr/sbin
                   #4  /usr/local/bin
2022-02-04 16:43:29,168 DEBUG Waiting up to 600 secs for process systemctl<serv_mosq2> (pid 1054)
2022-02-04 16:43:29,422 INFO  Executed systemctl<serv_mosq2>, exit status 0
2022-02-04 16:43:29,423 DEBUG Process parameters for systemctl<serv_mapper3>
  command line : /usr/bin/systemctl status tedge-mapper-c8y
    arg #1     : status
    arg #2     : tedge-mapper-c8y
  working dir  : /home/pi/actions-runner/_work/thin-edge.io/thin-edge.io/tests/PySys/tedge_connect/tedge_connect_test_positive/Output/linux
  stdout       : /home/pi/actions-runner/_work/thin-edge.io/thin-edge.io/tests/PySys/tedge_connect/tedge_connect_test_positive/Output/linux/serv_mapper3.out
  stderr       : /home/pi/actions-runner/_work/thin-edge.io/thin-edge.io/tests/PySys/tedge_connect/tedge_connect_test_positive/Output/linux/serv_mapper3.err
  environment  : LD_LIBRARY_PATH=/usr/lib
  environment  : PATH=/bin:/usr/bin:/usr/sbin:/usr/local/bin
                   #1  /bin
                   #2  /usr/bin
                   #3  /usr/sbin
                   #4  /usr/local/bin
2022-02-04 16:43:29,428 DEBUG Waiting up to 600 secs for process systemctl<serv_mapper3> (pid 1055)
2022-02-04 16:43:29,684 INFO  Executed systemctl<serv_mapper3>, exit status 0
2022-02-04 16:43:29,684 DEBUG --- test execute
2022-02-04 16:43:29,685 DEBUG EnvironmentC8y Execute
2022-02-04 16:43:29,685 INFO  Execute `tedge connect c8y --test`
2022-02-04 16:43:29,686 DEBUG Process parameters for sudo<tedge_connect_c8y_test_positive>
  command line : /usr/bin/sudo /usr/bin/tedge connect c8y --test
    arg #1     : /usr/bin/tedge
    arg #2     : connect
    arg #3     : c8y
    arg #4     : --test
  working dir  : /home/pi/actions-runner/_work/thin-edge.io/thin-edge.io/tests/PySys/tedge_connect/tedge_connect_test_positive/Output/linux
  stdout       : /home/pi/actions-runner/_work/thin-edge.io/thin-edge.io/tests/PySys/tedge_connect/tedge_connect_test_positive/Output/linux/tedge_connect_c8y_test_positive.out
  stderr       : /home/pi/actions-runner/_work/thin-edge.io/thin-edge.io/tests/PySys/tedge_connect/tedge_connect_test_positive/Output/linux/tedge_connect_c8y_test_positive.err
  environment  : LD_LIBRARY_PATH=/usr/lib
  environment  : PATH=/bin:/usr/bin:/usr/sbin:/usr/local/bin
                   #1  /bin
                   #2  /usr/bin
                   #3  /usr/sbin
                   #4  /usr/local/bin
2022-02-04 16:43:29,691 DEBUG Waiting up to 600 secs for process sudo<tedge_connect_c8y_test_positive> (pid 1056)
2022-02-04 16:43:29,996 INFO  Executed sudo<tedge_connect_c8y_test_positive>, exit status 0
2022-02-04 16:43:30,323 DEBUG --- test validate
2022-02-04 16:43:30,324 DEBUG EnvironmentC8y Validate
2022-02-04 16:43:30,326 DEBUG Process parameters for systemctl<serv_mosq>
  command line : /usr/bin/systemctl status mosquitto
    arg #1     : status
    arg #2     : mosquitto
  working dir  : /home/pi/actions-runner/_work/thin-edge.io/thin-edge.io/tests/PySys/tedge_connect/tedge_connect_test_positive/Output/linux
  stdout       : /home/pi/actions-runner/_work/thin-edge.io/thin-edge.io/tests/PySys/tedge_connect/tedge_connect_test_positive/Output/linux/serv_mosq.out
  stderr       : /home/pi/actions-runner/_work/thin-edge.io/thin-edge.io/tests/PySys/tedge_connect/tedge_connect_test_positive/Output/linux/serv_mosq.err
  environment  : LD_LIBRARY_PATH=/usr/lib
  environment  : PATH=/bin:/usr/bin:/usr/sbin:/usr/local/bin
                   #1  /bin
                   #2  /usr/bin
                   #3  /usr/sbin
                   #4  /usr/local/bin
2022-02-04 16:43:30,331 DEBUG Waiting up to 600 secs for process systemctl<serv_mosq> (pid 1065)
2022-02-04 16:43:30,601 INFO  Executed systemctl<serv_mosq>, exit status 0
2022-02-04 16:43:30,603 DEBUG Process parameters for systemctl<serv_mapper4>
  command line : /usr/bin/systemctl status tedge-mapper-c8y
    arg #1     : status
    arg #2     : tedge-mapper-c8y
  working dir  : /home/pi/actions-runner/_work/thin-edge.io/thin-edge.io/tests/PySys/tedge_connect/tedge_connect_test_positive/Output/linux
  stdout       : /home/pi/actions-runner/_work/thin-edge.io/thin-edge.io/tests/PySys/tedge_connect/tedge_connect_test_positive/Output/linux/serv_mapper4.out
  stderr       : /home/pi/actions-runner/_work/thin-edge.io/thin-edge.io/tests/PySys/tedge_connect/tedge_connect_test_positive/Output/linux/serv_mapper4.err
  environment  : LD_LIBRARY_PATH=/usr/lib
  environment  : PATH=/bin:/usr/bin:/usr/sbin:/usr/local/bin
                   #1  /bin
                   #2  /usr/bin
                   #3  /usr/sbin
                   #4  /usr/local/bin
2022-02-04 16:43:30,608 DEBUG Waiting up to 600 secs for process systemctl<serv_mapper4> (pid 1071)
2022-02-04 16:43:30,882 INFO  Executed systemctl<serv_mapper4>, exit status 0
2022-02-04 16:43:30,883 INFO  Validate
2022-02-04 16:43:30,883 DEBUG Performing regex contains=True grep on file: /home/pi/actions-runner/_work/thin-edge.io/thin-edge.io/tests/PySys/tedge_connect/tedge_connect_test_positive/Output/linux/tedge_connect_c8y_test_positive.out
2022-02-04 16:43:30,887 DEBUG Grep on input file tedge_connect_c8y_test_positive.out successfully matched expression "Connection check to c8y cloud is successful." with line: 'Connection check to c8y cloud is successfull.\n'
2022-02-04 16:43:30,888 INFO  Grep on input file tedge_connect_c8y_test_positive.out ... passed
2022-02-04 16:43:30,889 ERROR Cannot find id in device_fragment
2022-02-04 16:43:30,889 WARN  caught <class 'SystemError'> while running test: Cannot find id in device_fragment
Traceback (most recent call last):
  File "/home/pi/actions-runner/_work/thin-edge.io/thin-edge.io/tests/PySys/tedge_connect/tedge_connect_test_positive/run.py", line 37, in validate
    id = self.device_fragment['id']
TypeError: 'NoneType' object is not subscriptable

During handling of the above exception, another exception occurred:

Traceback (most recent call last):
  File "/home/pi/env-pysys/lib/python3.7/site-packages/pysys/baserunner.py", line 1211, in __call__
    self.testObj.validate()
  File "/home/pi/actions-runner/_work/thin-edge.io/thin-edge.io/tests/PySys/tedge_connect/tedge_connect_test_positive/run.py", line 40, in validate
    raise SystemError("Cannot find id in device_fragment")
SystemError: Cannot find id in device_fragment
2022-02-04 16:43:30,898 WARN  SystemError: Cannot find id in device_fragment ... blocked 
2022-02-04 16:43:30,899 DEBUG --- test cleanup
2022-02-04 16:43:30,899 INFO  
2022-02-04 16:43:30,900 INFO  cleanup:
2022-02-04 16:43:30,900 DEBUG Running registered cleanup function: <bound method EnvironmentC8y.myenvcleanup of <TedgeConnectTestPositive object at 0x75c56250>>
2022-02-04 16:43:30,900 DEBUG EnvironmentC8y Cleanup
2022-02-04 16:43:30,901 DEBUG Process parameters for sudo<tedge_disconnect>
  command line : /usr/bin/sudo /usr/bin/tedge disconnect c8y
    arg #1     : /usr/bin/tedge
    arg #2     : disconnect
    arg #3     : c8y
  working dir  : /home/pi/actions-runner/_work/thin-edge.io/thin-edge.io/tests/PySys/tedge_connect/tedge_connect_test_positive/Output/linux
  stdout       : /home/pi/actions-runner/_work/thin-edge.io/thin-edge.io/tests/PySys/tedge_connect/tedge_connect_test_positive/Output/linux/tedge_disconnect.out
  stderr       : /home/pi/actions-runner/_work/thin-edge.io/thin-edge.io/tests/PySys/tedge_connect/tedge_connect_test_positive/Output/linux/tedge_disconnect.err
  environment  : LD_LIBRARY_PATH=/usr/lib
  environment  : PATH=/bin:/usr/bin:/usr/sbin:/usr/local/bin
                   #1  /bin
                   #2  /usr/bin
                   #3  /usr/sbin
                   #4  /usr/local/bin
2022-02-04 16:43:30,906 DEBUG Waiting up to 600 secs for process sudo<tedge_disconnect> (pid 1072)
2022-02-04 16:43:33,948 INFO  Executed sudo<tedge_disconnect>, exit status 0
2022-02-04 16:43:33,951 DEBUG Process parameters for systemctl<serv_mapper5>
  command line : /usr/bin/systemctl status tedge-mapper-c8y
    arg #1     : status
    arg #2     : tedge-mapper-c8y
  working dir  : /home/pi/actions-runner/_work/thin-edge.io/thin-edge.io/tests/PySys/tedge_connect/tedge_connect_test_positive/Output/linux
  stdout       : /home/pi/actions-runner/_work/thin-edge.io/thin-edge.io/tests/PySys/tedge_connect/tedge_connect_test_positive/Output/linux/serv_mapper5.out
  stderr       : /home/pi/actions-runner/_work/thin-edge.io/thin-edge.io/tests/PySys/tedge_connect/tedge_connect_test_positive/Output/linux/serv_mapper5.err
  environment  : LD_LIBRARY_PATH=/usr/lib
  environment  : PATH=/bin:/usr/bin:/usr/sbin:/usr/local/bin
                   #1  /bin
                   #2  /usr/bin
                   #3  /usr/sbin
                   #4  /usr/local/bin
2022-02-04 16:43:33,959 DEBUG Waiting up to 600 secs for process systemctl<serv_mapper5> (pid 1125)
2022-02-04 16:43:34,265 INFO  Executed systemctl<serv_mapper5>, exit status 3
2022-02-04 16:43:34,266 DEBUG ProcessUser cleanup function done.
2022-02-04 16:43:34,269 INFO  
2022-02-04 16:43:34,270 INFO  Test duration: 16.61 secs
2022-02-04 16:43:34,271 INFO  Test final outcome:  BLOCKED
2022-02-04 16:43:34,272 INFO  Test outcome reason: SystemError: Cannot find id in device_fragment
2022-02-04 16:43:34,273 INFO  
